┏━━━━━━━━━━━━━━━┳━━━━━━━━━━━━━━━━━━━┳━━━━━━━━━━━━━━━━━━━━━━━━━━━━━━━━━━━━━━━━━━━━━━━━━━━━━━━━━━━━━━━━━━━━━━━━━━━━━━━━┓
┃ Game          ┃ Draw Date         ┃ Winning Numbers                                                                ┃
┡━━━━━━━━━━━━━━━╇━━━━━━━━━━━━━━━━━━━╇━━━━━━━━━━━━━━━━━━━━━━━━━━━━━━━━━━━━━━━━━━━━━━━━━━━━━━━━━━━━━━━━━━━━━━━━━━━━━━━━┩
│ Cash Pop      │ Tue, May 05, 2026 │ 04                                                                             │
│ Cash Pop      │ Mon, May 04, 2026 │ 04                                                                             │
│ Cash Pop      │ Sun, May 03, 2026 │ 08                                                                             │
│ Cash Pop      │ Sat, May 02, 2026 │ 04                                                                             │
│ Cash Pop      │ Fri, May 01, 2026 │ 10                                                                             │
│ Daily Keno    │ Tue, May 05, 2026 │ 05, 07, 19, 21, 23, 25, 26, 29, 31, 34, 44, 46, 52, 54, 56, 58, 63, 72, 77, 79 │
│ Daily Keno    │ Mon, May 04, 2026 │ 04, 08, 10, 16, 26, 33, 35, 38, 41, 45, 47, 54, 59, 64, 70, 71, 76, 78, 79, 80 │
│ Daily Keno    │ Sun, May 03, 2026 │ 02, 05, 07, 10, 14, 17, 22, 25, 31, 37, 40, 42, 47, 51, 54, 63, 69, 71, 72, 80 │
│ Daily Keno    │ Sat, May 02, 2026 │ 02, 05, 11, 16, 18, 21, 27, 28, 30, 37, 50, 54, 55, 56, 59, 63, 70, 71, 73, 76 │
│ Daily Keno    │ Fri, May 01, 2026 │ 01, 05, 10, 12, 14, 31, 32, 37, 38, 39, 42, 44, 45, 48, 50, 51, 53, 64, 76, 78 │
│ Hit 5         │ Tue, May 05, 2026 │ 05, 24, 34, 36, 38                                                             │
│ Hit 5         │ Mon, May 04, 2026 │ 01, 06, 12, 31, 32                                                             │
│ Hit 5         │ Sun, May 03, 2026 │ 05, 09, 18, 21, 28                                                             │
│ Hit 5         │ Sat, May 02, 2026 │ 07, 23, 30, 33, 39                                                             │
│ Hit 5         │ Fri, May 01, 2026 │ 01, 09, 16, 21, 34                                                             │
│ Lotto         │ Mon, May 04, 2026 │ 06, 08, 13, 17, 18, 34                                                         │
│ Lotto         │ Sat, May 02, 2026 │ 06, 17, 20, 23, 29, 49                                                         │
│ Lotto         │ Wed, Apr 29, 2026 │ 12, 13, 19, 20, 34, 40                                                         │
│ Lotto         │ Mon, Apr 27, 2026 │ 11, 14, 15, 21, 30, 40                                                         │
│ Lotto         │ Sat, Apr 25, 2026 │ 04, 08, 16, 21, 23, 33                                                         │
│ Match 4       │ Tue, May 05, 2026 │ 13, 15, 18, 23                                                                 │
│ Match 4       │ Mon, May 04, 2026 │ 11, 18, 20, 24                                                                 │
│ Match 4       │ Sun, May 03, 2026 │ 12, 13, 16, 17                                                                 │
│ Match 4       │ Sat, May 02, 2026 │ 08, 09, 17, 20                                                                 │
│ Match 4       │ Fri, May 01, 2026 │ 02, 03, 11, 16                                                                 │
│ Mega Millions │ Tue, May 05, 2026 │ 12, 22, 50, 51, 55, 10                                                         │
│ Mega Millions │ Fri, May 01, 2026 │ 16, 21, 27, 41, 61, 24                                                         │
│ Mega Millions │ Tue, Apr 28, 2026 │ 14, 36, 41, 47, 66, 15                                                         │
│ Mega Millions │ Fri, Apr 24, 2026 │ 07, 16, 32, 35, 40, 12                                                         │
│ Mega Millions │ Tue, Apr 21, 2026 │ 01, 36, 43, 56, 58, 07                                                         │
│ Pick 3        │ Tue, May 05, 2026 │ 2, 1, 9                                                                        │
│ Pick 3        │ Mon, May 04, 2026 │ 7, 8, 5                                                                        │
│ Pick 3        │ Sun, May 03, 2026 │ 3, 5, 3                                                                        │
│ Pick 3        │ Sat, May 02, 2026 │ 5, 1, 8                                                                        │
│ Pick 3        │ Fri, May 01, 2026 │ 2, 3, 5                                                                        │
│ Powerball     │ Mon, May 04, 2026 │ 30, 36, 42, 60, 63, 13                                                         │
│ Powerball     │ Sat, May 02, 2026 │ 25, 37, 42, 52, 65, 14                                                         │
│ Powerball     │ Wed, Apr 29, 2026 │ 03, 19, 35, 51, 67, 15                                                         │
│ Powerball     │ Mon, Apr 27, 2026 │ 18, 31, 33, 36, 62, 03                                                         │
│ Powerball     │ Sat, Apr 25, 2026 │ 04, 30, 36, 52, 57, 02                                                         │
└───────────────┴───────────────────┴────────────────────────────────────────────────────────────────────────────────┘
